// Jest Snapshot v1, https://goo.gl/fbAQLP

exports[`Button Component should render Button component correctly 1`] = `
<button
  className="button undefined undefined"
>
  Exchange
</button>
`;
