// Jest Snapshot v1, https://goo.gl/fbAQLP

exports[`Card Component should render Card component correctly 1`] = `
<div
  className="card-container"
>
  <h1>
    Hello World
  </h1>
</div>
`;
