// Jest Snapshot v1, https://goo.gl/fbAQLP

exports[`Loader Component should render Loader component correctly 1`] = `
<span
  className="loading__anim"
/>
`;
